// Jest Snapshot v1, https://goo.gl/fbAQLP

exports[`App component App component should correspond to its snapshot counterpart 1`] = `
<section
  className="app"
>
  <section
    className="head"
  >
    <div
      className="bell"
    >
      <span
        className="count"
      >
        2
      </span>
    </div>
    <div
      className="letter"
    >
      <span
        className="count"
      >
        2
      </span>
    </div>
    <div
      className="star"
    />
    <div
      className="user"
    >
      <img
        src="user.png"
      />
      <div>
        <span
          onClick={[Function]}
        >
          Максим
           
          Сергийчук
        </span>
        <ul />
      </div>
    </div>
    <form
      className="search"
    >
      <input
        placeholder="search"
        type="text"
      />
      <input
        type="submit"
        value=""
      />
    </form>
  </section>
  <section
    className="emails"
  >
    <section
      className="header"
    >
      <ul>
        <li>
          <a>
            Home
          </a>
        </li>
        <li>
          Email
        </li>
      </ul>
      <p>
        Email
      </p>
    </section>
    <div
      className="emailsBody"
    >
      <section
        className="menu"
      >
        <div
          className="button"
        >
          Compose Mail
        </div>
      </section>
      <section
        className="letters"
      >
        <section
          className="header"
        >
          <div>
            Inbox 
            <span>
              0
            </span>
          </div>
          <form
            className="search"
            onSubmit={[Function]}
          >
            <input
              onKeyUp={[Function]}
              placeholder="search"
              type="text"
            />
            <input
              type="submit"
              value=""
            />
          </form>
        </section>
      </section>
    </div>
  </section>
</section>
`;
